[nyerihigh.sc.ke/index.html]
[backblue.gif]
[fade.gif]
[index.html]
[nyerihigh.sc.ke/img/core-img/nyeri-high-fav.png]
[nyerihigh.sc.ke/style.css]
[nyerihigh.sc.ke/img/core-img/nyerihigh-logo.jpg]
[nyerihigh.sc.ke/students-assignments.html]
[nyerihigh.sc.ke/about-us.html]
[nyerihigh.sc.ke/our-history.html]
[nyerihigh.sc.ke/core-values.html]
[nyerihigh.sc.ke/bom-pa.html]
[nyerihigh.sc.ke/admission.html]
[nyerihigh.sc.ke/academics.html]
[nyerihigh.sc.ke/teaching-staff.html]
[nyerihigh.sc.ke/curriculum.html]
[nyerihigh.sc.ke/clubs-societies.html]
[nyerihigh.sc.ke/welfare-and-boarding.html]
[nyerihigh.sc.ke/the-chapel.html]
[nyerihigh.sc.ke/img/img-bg/bg-1.jpg]
[nyerihigh.sc.ke/alumni.html]
[nyerihigh.sc.ke/news-blogs.html]
[nyerihigh.sc.ke/non-teaching-staff.html]
[nyerihigh.sc.ke/sch-downloads.html]
[nyerihigh.sc.ke/gallery.html]
[nyerihigh.sc.ke/contact.html]
[nyerihigh.sc.ke/img/img-bg/bg-nhs-01.jpg]
[nyerihigh.sc.ke/img/img-bg/bg-nhs-02.jpg]
[nyerihigh.sc.ke/img/img-bg/bg-nhs-03.jpg]
[nyerihigh.sc.ke/img/img-bg/bg-nhs-04.jpg]
[nyerihigh.sc.ke/img/img-bg/bg-nhs-05.jpg]
[nyerihigh.sc.ke/img/img-bg/bg-13.jpg]
[nyerihigh.sc.ke/students-uniform.html]
[nyerihigh.sc.ke/videos/videos_of_school1.mp4]
[nyerihigh.sc.ke/videos/videos_of_school2.mp4]
[nyerihigh.sc.ke/js/jquery/jquery-2.2.4.min.js]
[nyerihigh.sc.ke/js/bootstrap/popper.min.js]
[nyerihigh.sc.ke/js/bootstrap/bootstrap.min.js]
[nyerihigh.sc.ke/js/plugins/plugins.js]
[nyerihigh.sc.ke/js/active.js]
[nyerihigh.sc.ke/index.html]
[nyerihigh.sc.ke/css/bootstrap.min.css]
[nyerihigh.sc.ke/css/owl.carousel.min.css]
[nyerihigh.sc.ke/css/animate.css]
[nyerihigh.sc.ke/css/magnific-popup.css]
[nyerihigh.sc.ke/css/font-awesome.min.css]
[nyerihigh.sc.ke/css/custom-icon.css]
[nyerihigh.sc.ke/css/classy-nav.min.css]
[nyerihigh.sc.ke/style.css]
[nyerihigh.sc.ke/img/img-bg/bg-nhs-2.jpg]
[nyerihigh.sc.ke/students-assignments.html]
[nyerihigh.sc.ke/img/img-bg/bg-2.jpg]
[nyerihigh.sc.ke/img/img-bg/bg-nhs-1.jpg]
[nyerihigh.sc.ke/img/img-bg/theprincipal1.jpg]
[nyerihigh.sc.ke/img/img-bg/pc-9-dep-principal.jpg]
[nyerihigh.sc.ke/img/img-bg/bg-5.jpg]
[nyerihigh.sc.ke/img/img-bg/bg-4.jpg]
[nyerihigh.sc.ke/img/img-bg/bg-10.jpg]
[nyerihigh.sc.ke/img/img-bg/bg-6.jpg]
[nyerihigh.sc.ke/about-us.html]
[nyerihigh.sc.ke/our-history.html]
[nyerihigh.sc.ke/img/img-bg/bg-nhs-3.jpg]
[nyerihigh.sc.ke/core-values.html]
[nyerihigh.sc.ke/bom-pa.html]
[nyerihigh.sc.ke/img/img-bg/bg-8.jpg]
[nyerihigh.sc.ke/img/img-bg/bg-7.jpg]
[nyerihigh.sc.ke/admission.html]
[nyerihigh.sc.ke/img/img-bg/pc-2.jpg]
[nyerihigh.sc.ke/img/img-bg/pc-3.jpg]
[nyerihigh.sc.ke/img/img-bg/pc-7.jpg]
[nyerihigh.sc.ke/academics.html]
[nyerihigh.sc.ke/curriculum.html]
[nyerihigh.sc.ke/img/img-bg/bg-nhs-4.jpg]
[nyerihigh.sc.ke/teaching-staff.html]
[nyerihigh.sc.ke/img/img-bg/bg-11.jpg]
[nyerihigh.sc.ke/clubs-societies.html]
[nyerihigh.sc.ke/img/img-bg/bg-12.jpg]
[nyerihigh.sc.ke/welfare-and-boarding.html]
[nyerihigh.sc.ke/img/img-bg/pc-5.jpg]
[nyerihigh.sc.ke/the-chapel.html]
[nyerihigh.sc.ke/img/img-bg/bg-nhs-5.jpg]
[nyerihigh.sc.ke/img/img-bg/bg-9.jpg]
[nyerihigh.sc.ke/img/core-img/note-1.png]
[nyerihigh.sc.ke/alumni.html]
[nyerihigh.sc.ke/news-blogs.html]
[nyerihigh.sc.ke/img/img-bg/pc-6-chaplain.jpg]
[nyerihigh.sc.ke/non-teaching-staff.html]
[nyerihigh.sc.ke/downloads/tenders/2025 SCHOOL SUPPLIES - FRUITS.pdf]
[nyerihigh.sc.ke/downloads/tenders/2025 SCHOOL SUPPLIES -FRESH MEAT.pdf]
[nyerihigh.sc.ke/downloads/tenders/2025 SCHOOL SUPPLIES - FRESH MILK.pdf]
[nyerihigh.sc.ke/downloads/tenders/2025 SCHOOL SUPPLIES - MANUFACTURED GOODS (SUGAR, COOKING FAT RICE, MARGARINE, TEA LEAVES, SALT AND WHEAT FLOUR).pdf]
[nyerihigh.sc.ke/downloads/tenders/2025 SCHOOL SUPPLIES- FIREWOOD AND CHARCOAL.pdf]
[nyerihigh.sc.ke/downloads/tenders/2025 SUPPLY OF STAFF UNIFORM.pdf]
[nyerihigh.sc.ke/downloads/tenders/2025 SCHOOL SUPPLIES - (SPORTS UNIFORM & EQUIPMENTS).pdf]
[nyerihigh.sc.ke/downloads/tenders/2025 SCHOOL SUPPLIES (LABORATORY CHEMICALS & EQUIPMENTS) GAS SYSTEM SERVICING.pdf]
[nyerihigh.sc.ke/downloads/tenders/2025 SCHOOL SUPPLIES (ELECTRICAL MATERIALS AND FITTINGS).pdf]
[nyerihigh.sc.ke/downloads/tenders/2025 SCHOOL SUPPLIES- COPIER STATIONERY, TONERS &CARTRIDGES.pdf]
[nyerihigh.sc.ke/downloads/tenders/2025 SCHOOL SUPPLIES- COMPUTER ACCESSORIES & MAINTANCE.pdf]
[nyerihigh.sc.ke/downloads/tenders/2025 TENDER FOR COMPREHENSIVE INSURANCE COVER FOR VEHICLES.pdf]
[nyerihigh.sc.ke/downloads/tenders/2025 TENDER FOR EMPLOYEE GROUP PERSONAL ACCIDENT INSURANCE COVER.pdf]
[nyerihigh.sc.ke/downloads/tenders/2025 TENDER FOR COMPREHENSIVE INSURANCE COVER FOR SCHOOL.pdf]
[nyerihigh.sc.ke/downloads/tenders/2025 SCHOOL SUPPLIES (VEHICLE REPAIR AND SERVICING).pdf]
[nyerihigh.sc.ke/downloads/tenders/2025 SCHOOL SUPPLIES - FUEL, OIL& LUBRICANTS.pdf]
[nyerihigh.sc.ke/downloads/tenders/2025 SUPPLY OF FARM IMPUTS AND AGRICULTURAL RELATED ITEMS.pdf]
[nyerihigh.sc.ke/downloads/tenders/2025 SCHOOL SUPPLIES - PROVISION FOR FUMIGATION AND SEPTIC TANKS MAINTENANCE SERVICES.pdf]
[nyerihigh.sc.ke/downloads/tenders/2025 SCHOOL SUPPLIES - PROVISION OF WELDING AND REPAIR SERVICES.pdf]
[nyerihigh.sc.ke/downloads/tenders/2025 SCHOOL SUPPLIES - SUPPLY OF FURNITURE.pdf]
[nyerihigh.sc.ke/downloads/tenders/2025 SCHOOL SUPPLIES - SUPPLY AND MAINTENANCE OF ENERGY SAVING JIKOS.pdf]
[nyerihigh.sc.ke/downloads/tenders/2025 SCHOOL SUPPLIES - SUPPLY OF FIRE FIGHTING EQUIPMENTS'S AND SERVICES.pdf]
[nyerihigh.sc.ke/downloads/tenders/2025 SCHOOL SUPPLIES - PROVISION OF SECURITY SERVICES.pdf]
[nyerihigh.sc.ke/downloads/tenders/2025 SCHOOL SUPPLY - SUPPLY OF PHARMACEUTICAL.pdf]
[nyerihigh.sc.ke/sch-downloads.html]
[nyerihigh.sc.ke/img/gallery-img/pc-img-46.jpg]
[nyerihigh.sc.ke/img/gallery-img/pc-img-1.jpg]
[nyerihigh.sc.ke/img/gallery-img/pc-img-2.jpg]
[nyerihigh.sc.ke/img/gallery-img/pc-img-3.jpg]
[nyerihigh.sc.ke/img/gallery-img/pc-img-4.jpg]
[nyerihigh.sc.ke/img/gallery-img/pc-img-5.jpg]
[nyerihigh.sc.ke/img/gallery-img/pc-img-7.jpg]
[nyerihigh.sc.ke/img/gallery-img/pc-img-8.jpg]
[nyerihigh.sc.ke/img/gallery-img/pc-img-9.jpg]
[nyerihigh.sc.ke/img/gallery-img/pc-img-10.jpg]
[nyerihigh.sc.ke/img/gallery-img/pc-img-11.jpg]
[nyerihigh.sc.ke/img/gallery-img/pc-img-12.jpg]
[nyerihigh.sc.ke/img/gallery-img/pc-img-13.jpg]
[nyerihigh.sc.ke/img/gallery-img/pc-img-14.jpg]
[nyerihigh.sc.ke/img/gallery-img/pc-img-15.jpg]
[nyerihigh.sc.ke/img/gallery-img/pc-img-16.jpg]
[nyerihigh.sc.ke/img/gallery-img/pc-img-17.jpg]
[nyerihigh.sc.ke/img/gallery-img/pc-img-18.jpg]
[nyerihigh.sc.ke/img/gallery-img/pc-img-19.jpg]
[nyerihigh.sc.ke/img/gallery-img/pc-img-20.jpg]
[nyerihigh.sc.ke/img/gallery-img/pc-img-21.jpg]
[nyerihigh.sc.ke/img/gallery-img/pc-img-22.jpg]
[nyerihigh.sc.ke/img/gallery-img/pc-img-23.jpg]
[nyerihigh.sc.ke/img/gallery-img/pc-img-24.jpg]
[nyerihigh.sc.ke/img/gallery-img/pc-img-25.jpg]
[nyerihigh.sc.ke/img/gallery-img/pc-img-26.jpg]
[nyerihigh.sc.ke/img/gallery-img/pc-img-27.jpg]
[nyerihigh.sc.ke/img/gallery-img/pc-img-28.jpg]
[nyerihigh.sc.ke/img/gallery-img/pc-img-29.jpg]
[nyerihigh.sc.ke/img/gallery-img/pc-img-30.jpg]
[nyerihigh.sc.ke/img/gallery-img/pc-img-31.jpg]
[nyerihigh.sc.ke/img/gallery-img/pc-img-32.jpg]
[nyerihigh.sc.ke/img/gallery-img/pc-img-33.jpg]
[nyerihigh.sc.ke/img/gallery-img/pc-img-34.jpg]
[nyerihigh.sc.ke/img/gallery-img/pc-img-35.jpg]
[nyerihigh.sc.ke/img/gallery-img/pc-img-36.jpg]
[nyerihigh.sc.ke/gallery.html]
[nyerihigh.sc.ke/js/google-map/map-active.js]
[nyerihigh.sc.ke/contact.html]
[nyerihigh.sc.ke/students-uniform.html]
[nyerihigh.sc.ke/backgroundphotos/nyerihigh-logo.html]
[nyerihigh.sc.ke/videos/videos_of_school1.html]
[nyerihigh.sc.ke/player.html]
[nyerihigh.sc.ke/videos/videos_of_school2.html]
[nyerihigh.sc.ke/css/bootstrap.min.css]
[nyerihigh.sc.ke/css/owl.carousel.min.css]
[nyerihigh.sc.ke/css/animate.css]
[nyerihigh.sc.ke/css/magnific-popup.css]
[nyerihigh.sc.ke/fonts/fontawesome-webfont3e6e.eot]
[nyerihigh.sc.ke/fonts/fontawesome-webfontd41d.eot]
[nyerihigh.sc.ke/fonts/fontawesome-webfont3e6e.woff2]
[nyerihigh.sc.ke/fonts/fontawesome-webfont3e6e.woff]
[nyerihigh.sc.ke/fonts/fontawesome-webfont3e6e.ttf]
[nyerihigh.sc.ke/css/font-awesome.min.css]
[nyerihigh.sc.ke/fonts/fontawesome-webfont3e6e.svg]
[nyerihigh.sc.ke/fonts/icomoon62b1.eot]
[nyerihigh.sc.ke/fonts/icomoon62b1.ttf]
[nyerihigh.sc.ke/fonts/icomoon62b1.woff]
[nyerihigh.sc.ke/css/custom-icon.css]
[nyerihigh.sc.ke/fonts/icomoon62b1.svg]
[nyerihigh.sc.ke/fonts/classycb9b.eot]
[nyerihigh.sc.ke/fonts/classycb9b.ttf]
[nyerihigh.sc.ke/fonts/classycb9b.woff]
[nyerihigh.sc.ke/fonts/classycb9b.svg]
[nyerihigh.sc.ke/css/classy-nav.min.css]
[nyerihigh.sc.ke/downloads/student-revision/FORM 3 HOLIDAY REVISION.html]
[nyerihigh.sc.ke/img/img-bg/pc---dep-principal.html]
[nyerihigh.sc.ke/videos/nyeri-high-school-jerusalema-dance.html]
[nyerihigh.sc.ke/videos/nyeri-high-school-jerusalema-dance-2.html]
[nyerihigh.sc.ke/ceurriculum.html]
[nyerihigh.sc.ke/img/img-bg/bg-3.html]
[nyerihigh.sc.ke/downloads/tenders/2025 SCHOOL SUPPLIES â DRY CEREALS - WHITE MAIZE.html]
[nyerihigh.sc.ke/downloads/tenders/2025 SCHOOL SUPPLIES â BUILDING MATERIALS HARDWARE .html]
[nyerihigh.sc.ke/downloads/tenders/2025 SCHOOL SUPPLIES â FRESH CABBAGES.html]
[nyerihigh.sc.ke/downloads/tenders/2025 SCHOOL SUPPLIES â POTATOES & GREEN GROCERIES.html]
[nyerihigh.sc.ke/downloads/tenders/2025 SCHOOL SUPPLIES â CLEANING MATERIALS, DETERGENT MAKING CHEMICALS AND DISINFECTANT.html]
[nyerihigh.sc.ke/downloads/tenders/2025 SCHOOL SUPPLIES â BUILDING &GENERAL MAINTENANCE SERVICES .html]
[nyerihigh.sc.ke/downloads/tenders/2025 SCHOOL SUPPLIES â PRINTED MATERIAL- EXERCISE BOOKS, FOLDERS& ENVELOPES.html]
[nyerihigh.sc.ke/downloads/FORM THREE FEES STRUCTURE 2025.html]
[nyerihigh.sc.ke/downloads/FORM TWO AND FOUR FEES STRUCTURE 2025.html]
[nyerihigh.sc.ke/downloads/SCHOOL NEWSLETTER 2025.html]
[nyerihigh.sc.ke/downloads/COMPLETE SCHOOL UNIFORM LIST 2025.html]
[nyerihigh.sc.ke/img/gallery-img/pc-img-6.html]
[nyerihigh.sc.ke/downloads/Form One Uniform List 2024.html]
[nyerihigh.sc.ke/css/owl.video.play.html]
[nyerihigh.sc.ke/fonts/fontawesome-webfont3e6e.svg]
[nyerihigh.sc.ke/fonts/icomoon62b1.svg]
[nyerihigh.sc.ke/fonts/classycb9b.svg]
